2025-04-07T03:25:56.406Z Load Screen - RESUME_FROM_SUSPEND Complete
2025-04-07T03:25:56.406Z Load Screen - Waiting On: PLAYER, CHARACTER_GEOMETRY, TERRAIN_GEOMETRY, KEEPS, FIXTURE_ASSETS, DYNAMIC_OBJECTS, USER_INTERFACE, RENDERER, GAME_DATA, TEXTURES, CHARACTER_ACTIVATED, SHARED_CHARACTER_OBJECT, RESUME_FROM_SUSPEND, FIXTURE_PHYSICS, 
2025-04-07T03:25:56.406Z PregameStateManager_SetState - from: nil, to: PlayIntroMovies
2025-04-07T03:26:02.499Z PregameStateManager_SetState - from: PlayIntroMovies, to: ShowZOSVideo
2025-04-07T03:26:04.402Z PregameStateManager_SetState - from: ShowZOSVideo, to: ShowHavokSplashScreen
2025-04-07T03:26:05.512Z PregameStateManager_SetState - from: ShowHavokSplashScreen, to: ShowLegalSplashScreen
2025-04-07T03:26:05.834Z PregameStateManager_SetState - from: ShowLegalSplashScreen, to: AccountLogin
2025-04-07T03:26:09.069Z Load Screen - RESUME_FROM_SUSPEND Complete
2025-04-07T03:26:09.069Z Load Screen - Waiting On: PLAYER, CHARACTER_GEOMETRY, TERRAIN_GEOMETRY, KEEPS, FIXTURE_ASSETS, DYNAMIC_OBJECTS, USER_INTERFACE, RENDERER, GAME_DATA, TEXTURES, CHARACTER_ACTIVATED, SHARED_CHARACTER_OBJECT, FIXTURE_PHYSICS, 
2025-04-07T03:26:09.069Z Load Screen - OnAreaLoadStarted - (138) Unknown Zone
2025-04-07T03:26:09.069Z Load Screen - Show
2025-04-07T03:26:25.511Z Load Screen - GAME_DATA Complete
2025-04-07T03:26:25.512Z Load Screen - Waiting On: PLAYER, TERRAIN_GEOMETRY, FIXTURE_ASSETS, DYNAMIC_OBJECTS, USER_INTERFACE, RENDERER, TEXTURES, CHARACTER_ACTIVATED, SHARED_CHARACTER_OBJECT, FIXTURE_PHYSICS, 
2025-04-07T03:26:25.512Z Load Screen - CHARACTER_GEOMETRY Complete
2025-04-07T03:26:25.512Z Load Screen - Waiting On: PLAYER, TERRAIN_GEOMETRY, FIXTURE_ASSETS, DYNAMIC_OBJECTS, USER_INTERFACE, RENDERER, TEXTURES, CHARACTER_ACTIVATED, SHARED_CHARACTER_OBJECT, FIXTURE_PHYSICS, 
2025-04-07T03:26:25.512Z Load Screen - KEEPS Complete
2025-04-07T03:26:25.512Z Load Screen - Waiting On: PLAYER, TERRAIN_GEOMETRY, FIXTURE_ASSETS, DYNAMIC_OBJECTS, USER_INTERFACE, RENDERER, TEXTURES, CHARACTER_ACTIVATED, SHARED_CHARACTER_OBJECT, FIXTURE_PHYSICS, 
2025-04-07T03:26:25.522Z Load Screen - USER_INTERFACE Complete
2025-04-07T03:26:25.522Z Load Screen - Waiting On: PLAYER, TERRAIN_GEOMETRY, FIXTURE_ASSETS, DYNAMIC_OBJECTS, RENDERER, TEXTURES, CHARACTER_ACTIVATED, SHARED_CHARACTER_OBJECT, FIXTURE_PHYSICS, 
2025-04-07T03:26:25.723Z Load Screen - PLAYER Complete
2025-04-07T03:26:25.723Z Load Screen - Waiting On: TERRAIN_GEOMETRY, FIXTURE_ASSETS, DYNAMIC_OBJECTS, RENDERER, TEXTURES, CHARACTER_ACTIVATED, SHARED_CHARACTER_OBJECT, FIXTURE_PHYSICS, 
2025-04-07T03:26:25.724Z PregameStateManager_SetState - from: AccountLogin, to: WaitForCharacterDataLoaded
2025-04-07T03:26:26.344Z Load Screen - Show/Hide - Animation Complete
2025-04-07T03:26:31.197Z Load Screen - SHARED_CHARACTER_OBJECT Complete
2025-04-07T03:26:31.197Z Load Screen - Waiting On: TERRAIN_GEOMETRY, FIXTURE_ASSETS, DYNAMIC_OBJECTS, RENDERER, TEXTURES, CHARACTER_ACTIVATED, FIXTURE_PHYSICS, 
2025-04-07T03:26:31.224Z PregameStateManager_SetState - from: WaitForCharacterDataLoaded, to: CharacterSelect
2025-04-07T03:26:31.352Z Load Screen - TERRAIN_GEOMETRY Complete
2025-04-07T03:26:31.352Z Load Screen - Waiting On: DYNAMIC_OBJECTS, RENDERER, TEXTURES, CHARACTER_ACTIVATED, 
2025-04-07T03:26:31.352Z Load Screen - FIXTURE_ASSETS Complete
2025-04-07T03:26:31.352Z Load Screen - Waiting On: DYNAMIC_OBJECTS, RENDERER, TEXTURES, CHARACTER_ACTIVATED, 
2025-04-07T03:26:31.352Z Load Screen - FIXTURE_PHYSICS Complete
2025-04-07T03:26:31.352Z Load Screen - Waiting On: DYNAMIC_OBJECTS, RENDERER, TEXTURES, CHARACTER_ACTIVATED, 
2025-04-07T03:26:43.968Z Load Screen - RENDERER Complete
2025-04-07T03:26:43.968Z Load Screen - Waiting On: TEXTURES, CHARACTER_ACTIVATED, 
2025-04-07T03:26:43.968Z Load Screen - DYNAMIC_OBJECTS Complete
2025-04-07T03:26:43.968Z Load Screen - Waiting On: TEXTURES, CHARACTER_ACTIVATED, 
2025-04-07T03:26:43.978Z Load Screen - TEXTURES Complete
2025-04-07T03:26:43.978Z Load Screen - Systems Loaded And Not Waiting For Teleport
2025-04-07T03:26:43.978Z Load Screen - Hide
2025-04-07T03:26:43.978Z Load Screen - Hide - Wasn't Already Hiding
2025-04-07T03:26:43.978Z Load Screen - CHARACTER_ACTIVATED Complete
2025-04-07T03:26:43.978Z Load Screen - Systems Loaded And Not Waiting For Teleport
2025-04-07T03:26:43.978Z Load Screen - Hide
2025-04-07T03:26:44.831Z Load Screen - Show/Hide - Animation Complete
2025-04-07T03:26:44.831Z Load Screen - Hide - Animation Complete
2025-04-07T03:27:07.637Z Load Screen - OnAreaLoadStarted - (138) Unknown Zone
2025-04-07T03:27:07.637Z Load Screen - Show
2025-04-07T03:27:07.637Z Load Screen - CHARACTER_GEOMETRY Complete
2025-04-07T03:27:07.637Z Load Screen - Waiting On: TERRAIN_GEOMETRY, FIXTURE_ASSETS, DYNAMIC_OBJECTS, USER_INTERFACE, RENDERER, TEXTURES, CHARACTER_ACTIVATED, SHARED_CHARACTER_OBJECT, FIXTURE_PHYSICS, 
2025-04-07T03:27:07.637Z Load Screen - KEEPS Complete
2025-04-07T03:27:07.637Z Load Screen - Waiting On: TERRAIN_GEOMETRY, FIXTURE_ASSETS, DYNAMIC_OBJECTS, USER_INTERFACE, RENDERER, TEXTURES, CHARACTER_ACTIVATED, SHARED_CHARACTER_OBJECT, FIXTURE_PHYSICS, 
2025-04-07T03:27:07.637Z Load Screen - GAME_DATA Complete
2025-04-07T03:27:07.637Z Load Screen - Waiting On: TERRAIN_GEOMETRY, FIXTURE_ASSETS, DYNAMIC_OBJECTS, USER_INTERFACE, RENDERER, TEXTURES, CHARACTER_ACTIVATED, SHARED_CHARACTER_OBJECT, FIXTURE_PHYSICS, 
2025-04-07T03:27:07.637Z Load Screen - RESUME_FROM_SUSPEND Complete
2025-04-07T03:27:07.637Z Load Screen - Waiting On: TERRAIN_GEOMETRY, FIXTURE_ASSETS, DYNAMIC_OBJECTS, USER_INTERFACE, RENDERER, TEXTURES, CHARACTER_ACTIVATED, SHARED_CHARACTER_OBJECT, FIXTURE_PHYSICS, 
2025-04-07T03:27:07.637Z Load Screen - PLAYER Complete
2025-04-07T03:27:07.637Z Load Screen - Waiting On: TERRAIN_GEOMETRY, FIXTURE_ASSETS, DYNAMIC_OBJECTS, USER_INTERFACE, RENDERER, TEXTURES, CHARACTER_ACTIVATED, SHARED_CHARACTER_OBJECT, FIXTURE_PHYSICS, 
2025-04-07T03:27:07.683Z Load Screen - TERRAIN_GEOMETRY Complete
2025-04-07T03:27:07.683Z Load Screen - Waiting On: DYNAMIC_OBJECTS, USER_INTERFACE, RENDERER, TEXTURES, CHARACTER_ACTIVATED, 
2025-04-07T03:27:07.683Z Load Screen - FIXTURE_ASSETS Complete
2025-04-07T03:27:07.683Z Load Screen - Waiting On: DYNAMIC_OBJECTS, USER_INTERFACE, RENDERER, TEXTURES, CHARACTER_ACTIVATED, 
2025-04-07T03:27:07.683Z Load Screen - FIXTURE_PHYSICS Complete
2025-04-07T03:27:07.683Z Load Screen - Waiting On: DYNAMIC_OBJECTS, USER_INTERFACE, RENDERER, TEXTURES, CHARACTER_ACTIVATED, 
2025-04-07T03:27:07.683Z Load Screen - SHARED_CHARACTER_OBJECT Complete
2025-04-07T03:27:07.683Z Load Screen - Waiting On: DYNAMIC_OBJECTS, USER_INTERFACE, RENDERER, TEXTURES, CHARACTER_ACTIVATED, 
2025-04-07T03:27:07.685Z Load Screen - USER_INTERFACE Complete
2025-04-07T03:27:07.685Z Load Screen - Waiting On: DYNAMIC_OBJECTS, RENDERER, TEXTURES, CHARACTER_ACTIVATED, 
2025-04-07T03:27:08.529Z Load Screen - Show/Hide - Animation Complete
2025-04-07T03:27:43.619Z Load Screen - RENDERER Complete
2025-04-07T03:27:43.619Z Load Screen - Waiting On: TEXTURES, CHARACTER_ACTIVATED, 
2025-04-07T03:27:43.619Z Load Screen - DYNAMIC_OBJECTS Complete
2025-04-07T03:27:43.619Z Load Screen - Waiting On: TEXTURES, CHARACTER_ACTIVATED, 
2025-04-07T03:27:43.629Z Load Screen - TEXTURES Complete
2025-04-07T03:27:43.629Z Load Screen - Systems Loaded And Not Waiting For Teleport
2025-04-07T03:27:43.629Z Load Screen - Hide
2025-04-07T03:27:43.629Z Load Screen - Hide - Wasn't Already Hiding
2025-04-07T03:27:43.629Z Load Screen - CHARACTER_ACTIVATED Complete
2025-04-07T03:27:43.629Z Load Screen - Systems Loaded And Not Waiting For Teleport
2025-04-07T03:27:43.629Z Load Screen - Hide
2025-04-07T03:27:44.479Z Load Screen - Show/Hide - Animation Complete
2025-04-07T03:27:44.479Z Load Screen - Hide - Animation Complete
2025-04-07T03:28:02.990Z PregameStateManager_SetState - from: CharacterSelect, to: BeginLoadingIntoWorld
2025-04-07T03:28:06.006Z Load Screen - RESUME_FROM_SUSPEND Complete
2025-04-07T03:28:06.006Z Load Screen - Waiting On: PLAYER, CHARACTER_GEOMETRY, TERRAIN_GEOMETRY, KEEPS, FIXTURE_ASSETS, DYNAMIC_OBJECTS, USER_INTERFACE, RENDERER, GAME_DATA, TEXTURES, CHARACTER_ACTIVATED, SHARED_CHARACTER_OBJECT, RESUME_FROM_SUSPEND, FIXTURE_PHYSICS, 
2025-04-07T03:28:06.006Z Load Screen - OnAreaLoadStarted - (1332) West Weald
2025-04-07T03:28:06.006Z Load Screen - Show
2025-04-07T03:28:06.009Z Load Screen - RESUME_FROM_SUSPEND Complete
2025-04-07T03:28:06.009Z Load Screen - Waiting On: PLAYER, CHARACTER_GEOMETRY, TERRAIN_GEOMETRY, KEEPS, FIXTURE_ASSETS, DYNAMIC_OBJECTS, USER_INTERFACE, RENDERER, GAME_DATA, TEXTURES, CHARACTER_ACTIVATED, SHARED_CHARACTER_OBJECT, RESUME_FROM_SUSPEND, FIXTURE_PHYSICS, 
2025-04-07T03:28:06.009Z Load Screen - GAME_DATA Complete
2025-04-07T03:28:06.009Z Load Screen - Waiting On: PLAYER, CHARACTER_GEOMETRY, TERRAIN_GEOMETRY, KEEPS, FIXTURE_ASSETS, DYNAMIC_OBJECTS, USER_INTERFACE, RENDERER, GAME_DATA, TEXTURES, CHARACTER_ACTIVATED, SHARED_CHARACTER_OBJECT, RESUME_FROM_SUSPEND, FIXTURE_PHYSICS, 
2025-04-07T03:28:06.009Z Load Screen - RENDERER Complete
2025-04-07T03:28:06.009Z Load Screen - Waiting On: PLAYER, CHARACTER_GEOMETRY, TERRAIN_GEOMETRY, KEEPS, FIXTURE_ASSETS, DYNAMIC_OBJECTS, USER_INTERFACE, RENDERER, GAME_DATA, TEXTURES, CHARACTER_ACTIVATED, SHARED_CHARACTER_OBJECT, RESUME_FROM_SUSPEND, FIXTURE_PHYSICS, 
2025-04-07T03:28:06.009Z Load Screen - KEEPS Complete
2025-04-07T03:28:06.009Z Load Screen - Waiting On: PLAYER, CHARACTER_GEOMETRY, TERRAIN_GEOMETRY, KEEPS, FIXTURE_ASSETS, DYNAMIC_OBJECTS, USER_INTERFACE, RENDERER, GAME_DATA, TEXTURES, CHARACTER_ACTIVATED, SHARED_CHARACTER_OBJECT, RESUME_FROM_SUSPEND, FIXTURE_PHYSICS, 
2025-04-07T03:28:06.009Z Load Screen - SHARED_CHARACTER_OBJECT Complete
2025-04-07T03:28:06.009Z Load Screen - Waiting On: PLAYER, CHARACTER_GEOMETRY, TERRAIN_GEOMETRY, KEEPS, FIXTURE_ASSETS, DYNAMIC_OBJECTS, USER_INTERFACE, RENDERER, GAME_DATA, TEXTURES, CHARACTER_ACTIVATED, SHARED_CHARACTER_OBJECT, RESUME_FROM_SUSPEND, FIXTURE_PHYSICS, 
2025-04-07T03:28:06.230Z Load Screen - PLAYER Complete
2025-04-07T03:28:06.230Z Load Screen - Waiting On: CHARACTER_GEOMETRY, TERRAIN_GEOMETRY, FIXTURE_ASSETS, DYNAMIC_OBJECTS, USER_INTERFACE, TEXTURES, CHARACTER_ACTIVATED, FIXTURE_PHYSICS, 
2025-04-07T03:28:06.395Z Load Screen - TERRAIN_GEOMETRY Complete
2025-04-07T03:28:06.395Z Load Screen - Waiting On: CHARACTER_GEOMETRY, FIXTURE_ASSETS, DYNAMIC_OBJECTS, USER_INTERFACE, TEXTURES, CHARACTER_ACTIVATED, FIXTURE_PHYSICS, 
2025-04-07T03:28:06.717Z Load Screen - CHARACTER_GEOMETRY Complete
2025-04-07T03:28:06.717Z Load Screen - Waiting On: FIXTURE_ASSETS, USER_INTERFACE, TEXTURES, CHARACTER_ACTIVATED, FIXTURE_PHYSICS, 
2025-04-07T03:28:06.717Z Load Screen - DYNAMIC_OBJECTS Complete
2025-04-07T03:28:06.717Z Load Screen - Waiting On: FIXTURE_ASSETS, USER_INTERFACE, TEXTURES, CHARACTER_ACTIVATED, FIXTURE_PHYSICS, 
2025-04-07T03:28:06.887Z Load Screen - Show/Hide - Animation Complete
2025-04-07T03:28:08.521Z Load Screen - FIXTURE_PHYSICS Complete
2025-04-07T03:28:08.521Z Load Screen - Waiting On: FIXTURE_ASSETS, DYNAMIC_OBJECTS, USER_INTERFACE, TEXTURES, CHARACTER_ACTIVATED, 
2025-04-07T03:28:09.792Z Load Screen - FIXTURE_ASSETS Complete
2025-04-07T03:28:09.792Z Load Screen - Waiting On: DYNAMIC_OBJECTS, USER_INTERFACE, TEXTURES, CHARACTER_ACTIVATED, 
2025-04-07T03:28:09.881Z Load Screen - DYNAMIC_OBJECTS Complete
2025-04-07T03:28:09.881Z Load Screen - Waiting On: USER_INTERFACE, TEXTURES, CHARACTER_ACTIVATED, 
2025-04-07T03:28:09.925Z Load Screen - TEXTURES Complete
2025-04-07T03:28:09.925Z Load Screen - Waiting On: USER_INTERFACE, CHARACTER_ACTIVATED, 
2025-04-07T03:28:13.503Z Load Screen - DYNAMIC_OBJECTS Complete
2025-04-07T03:28:13.503Z Load Screen - Waiting On: USER_INTERFACE, CHARACTER_ACTIVATED, 
2025-04-07T03:28:13.739Z |cff0000Gui Warning: Attempting to get action layer 'Siege' with a different allowsFallthrough argument than it was created with. AllowsFallthrough has already been defined as false.
AllowsFallthrough cannot be changed and keybindings may not act as expected.|r
2025-04-07T03:28:15.406Z Load Screen - USER_INTERFACE Complete
2025-04-07T03:28:15.406Z Load Screen - Waiting On: CHARACTER_ACTIVATED, 
2025-04-07T03:28:15.561Z Load Screen - CHARACTER_ACTIVATED Complete
2025-04-07T03:28:15.561Z Load Screen - Systems Loaded And Not Waiting For Teleport
2025-04-07T03:28:15.561Z Load Screen - Hide
2025-04-07T03:28:15.561Z Load Screen - Hide - Wasn't Already Hiding
2025-04-07T03:28:16.571Z Load Screen - Show/Hide - Animation Complete
2025-04-07T03:28:16.571Z Load Screen - Hide - Animation Complete
2025-04-07T03:29:02.476Z Load Screen - CHARACTER_ACTIVATED Complete
2025-04-07T03:29:02.476Z Load Screen - Waiting On: CHARACTER_GEOMETRY, TERRAIN_GEOMETRY, KEEPS, FIXTURE_ASSETS, DYNAMIC_OBJECTS, USER_INTERFACE, RENDERER, GAME_DATA, TEXTURES, SHARED_CHARACTER_OBJECT, FIXTURE_PHYSICS, 
2025-04-07T03:29:02.476Z Load Screen - PLAYER Complete
2025-04-07T03:29:02.476Z Load Screen - Waiting On: CHARACTER_GEOMETRY, TERRAIN_GEOMETRY, KEEPS, FIXTURE_ASSETS, DYNAMIC_OBJECTS, USER_INTERFACE, RENDERER, GAME_DATA, TEXTURES, SHARED_CHARACTER_OBJECT, FIXTURE_PHYSICS, 
2025-04-07T03:29:02.476Z Load Screen - RESUME_FROM_SUSPEND Complete
2025-04-07T03:29:02.476Z Load Screen - Waiting On: CHARACTER_GEOMETRY, TERRAIN_GEOMETRY, KEEPS, FIXTURE_ASSETS, DYNAMIC_OBJECTS, USER_INTERFACE, RENDERER, GAME_DATA, TEXTURES, SHARED_CHARACTER_OBJECT, FIXTURE_PHYSICS, 
2025-04-07T03:29:02.476Z Load Screen - OnAreaLoadStarted - (1332) West Weald
2025-04-07T03:29:02.476Z Load Screen - Show
2025-04-07T03:29:02.500Z Load Screen - PLAYER Complete
2025-04-07T03:29:02.500Z Load Screen - Waiting On: TERRAIN_GEOMETRY, FIXTURE_ASSETS, DYNAMIC_OBJECTS, TEXTURES, FIXTURE_PHYSICS, 
2025-04-07T03:29:02.500Z Load Screen - CHARACTER_ACTIVATED Complete
2025-04-07T03:29:02.500Z Load Screen - Waiting On: TERRAIN_GEOMETRY, FIXTURE_ASSETS, DYNAMIC_OBJECTS, TEXTURES, FIXTURE_PHYSICS, 
2025-04-07T03:29:02.501Z Load Screen - RESUME_FROM_SUSPEND Complete
2025-04-07T03:29:02.501Z Load Screen - Waiting On: TERRAIN_GEOMETRY, FIXTURE_ASSETS, DYNAMIC_OBJECTS, TEXTURES, FIXTURE_PHYSICS, 
2025-04-07T03:29:02.501Z Load Screen - GAME_DATA Complete
2025-04-07T03:29:02.501Z Load Screen - Waiting On: TERRAIN_GEOMETRY, FIXTURE_ASSETS, DYNAMIC_OBJECTS, TEXTURES, FIXTURE_PHYSICS, 
2025-04-07T03:29:02.501Z Load Screen - CHARACTER_GEOMETRY Complete
2025-04-07T03:29:02.501Z Load Screen - Waiting On: TERRAIN_GEOMETRY, FIXTURE_ASSETS, DYNAMIC_OBJECTS, TEXTURES, FIXTURE_PHYSICS, 
2025-04-07T03:29:02.501Z Load Screen - RENDERER Complete
2025-04-07T03:29:02.501Z Load Screen - Waiting On: TERRAIN_GEOMETRY, FIXTURE_ASSETS, DYNAMIC_OBJECTS, TEXTURES, FIXTURE_PHYSICS, 
2025-04-07T03:29:02.501Z Load Screen - USER_INTERFACE Complete
2025-04-07T03:29:02.501Z Load Screen - Waiting On: TERRAIN_GEOMETRY, FIXTURE_ASSETS, DYNAMIC_OBJECTS, TEXTURES, FIXTURE_PHYSICS, 
2025-04-07T03:29:02.501Z Load Screen - KEEPS Complete
2025-04-07T03:29:02.501Z Load Screen - Waiting On: TERRAIN_GEOMETRY, FIXTURE_ASSETS, DYNAMIC_OBJECTS, TEXTURES, FIXTURE_PHYSICS, 
2025-04-07T03:29:02.501Z Load Screen - SHARED_CHARACTER_OBJECT Complete
2025-04-07T03:29:02.501Z Load Screen - Waiting On: TERRAIN_GEOMETRY, FIXTURE_ASSETS, DYNAMIC_OBJECTS, TEXTURES, FIXTURE_PHYSICS, 
2025-04-07T03:29:03.256Z Load Screen - Show/Hide - Animation Complete
2025-04-07T03:29:04.250Z Load Screen - TERRAIN_GEOMETRY Complete
2025-04-07T03:29:04.250Z Load Screen - Waiting On: FIXTURE_ASSETS, DYNAMIC_OBJECTS, TEXTURES, FIXTURE_PHYSICS, 
2025-04-07T03:29:04.303Z Load Screen - FIXTURE_ASSETS Complete
2025-04-07T03:29:04.303Z Load Screen - Waiting On: DYNAMIC_OBJECTS, TEXTURES, 
2025-04-07T03:29:04.303Z Load Screen - FIXTURE_PHYSICS Complete
2025-04-07T03:29:04.303Z Load Screen - Waiting On: DYNAMIC_OBJECTS, TEXTURES, 
2025-04-07T03:29:04.770Z Load Screen - DYNAMIC_OBJECTS Complete
2025-04-07T03:29:04.770Z Load Screen - Waiting On: TEXTURES, 
2025-04-07T03:29:04.794Z Load Screen - TEXTURES Complete
2025-04-07T03:29:04.794Z Load Screen - Systems Loaded And Not Waiting For Teleport
2025-04-07T03:29:04.794Z Load Screen - Hide
2025-04-07T03:29:04.794Z Load Screen - Hide - Wasn't Already Hiding
2025-04-07T03:29:05.640Z Load Screen - Show/Hide - Animation Complete
2025-04-07T03:29:05.640Z Load Screen - Hide - Animation Complete
2025-04-07T03:32:44.206Z Load Screen - CHARACTER_ACTIVATED Complete
2025-04-07T03:32:44.206Z Load Screen - Waiting On: CHARACTER_GEOMETRY, TERRAIN_GEOMETRY, KEEPS, FIXTURE_ASSETS, DYNAMIC_OBJECTS, USER_INTERFACE, RENDERER, GAME_DATA, TEXTURES, SHARED_CHARACTER_OBJECT, FIXTURE_PHYSICS, 
2025-04-07T03:32:44.206Z Load Screen - PLAYER Complete
2025-04-07T03:32:44.206Z Load Screen - Waiting On: CHARACTER_GEOMETRY, TERRAIN_GEOMETRY, KEEPS, FIXTURE_ASSETS, DYNAMIC_OBJECTS, USER_INTERFACE, RENDERER, GAME_DATA, TEXTURES, SHARED_CHARACTER_OBJECT, FIXTURE_PHYSICS, 
2025-04-07T03:32:44.206Z Load Screen - RESUME_FROM_SUSPEND Complete
2025-04-07T03:32:44.206Z Load Screen - Waiting On: CHARACTER_GEOMETRY, TERRAIN_GEOMETRY, KEEPS, FIXTURE_ASSETS, DYNAMIC_OBJECTS, USER_INTERFACE, RENDERER, GAME_DATA, TEXTURES, SHARED_CHARACTER_OBJECT, FIXTURE_PHYSICS, 
2025-04-07T03:32:44.206Z Load Screen - OnAreaLoadStarted - (1332) West Weald
2025-04-07T03:32:44.206Z Load Screen - Show
2025-04-07T03:32:44.230Z Load Screen - PLAYER Complete
2025-04-07T03:32:44.230Z Load Screen - Waiting On: FIXTURE_ASSETS, DYNAMIC_OBJECTS, TEXTURES, FIXTURE_PHYSICS, 
2025-04-07T03:32:44.230Z Load Screen - CHARACTER_ACTIVATED Complete
2025-04-07T03:32:44.230Z Load Screen - Waiting On: FIXTURE_ASSETS, DYNAMIC_OBJECTS, TEXTURES, FIXTURE_PHYSICS, 
2025-04-07T03:32:44.230Z Load Screen - RESUME_FROM_SUSPEND Complete
2025-04-07T03:32:44.230Z Load Screen - Waiting On: FIXTURE_ASSETS, DYNAMIC_OBJECTS, TEXTURES, FIXTURE_PHYSICS, 
2025-04-07T03:32:44.230Z Load Screen - GAME_DATA Complete
2025-04-07T03:32:44.230Z Load Screen - Waiting On: FIXTURE_ASSETS, DYNAMIC_OBJECTS, TEXTURES, FIXTURE_PHYSICS, 
2025-04-07T03:32:44.230Z Load Screen - CHARACTER_GEOMETRY Complete
2025-04-07T03:32:44.230Z Load Screen - Waiting On: FIXTURE_ASSETS, DYNAMIC_OBJECTS, TEXTURES, FIXTURE_PHYSICS, 
2025-04-07T03:32:44.230Z Load Screen - TERRAIN_GEOMETRY Complete
2025-04-07T03:32:44.230Z Load Screen - Waiting On: FIXTURE_ASSETS, DYNAMIC_OBJECTS, TEXTURES, FIXTURE_PHYSICS, 
2025-04-07T03:32:44.230Z Load Screen - RENDERER Complete
2025-04-07T03:32:44.230Z Load Screen - Waiting On: FIXTURE_ASSETS, DYNAMIC_OBJECTS, TEXTURES, FIXTURE_PHYSICS, 
2025-04-07T03:32:44.230Z Load Screen - USER_INTERFACE Complete
2025-04-07T03:32:44.230Z Load Screen - Waiting On: FIXTURE_ASSETS, DYNAMIC_OBJECTS, TEXTURES, FIXTURE_PHYSICS, 
2025-04-07T03:32:44.230Z Load Screen - KEEPS Complete
2025-04-07T03:32:44.230Z Load Screen - Waiting On: FIXTURE_ASSETS, DYNAMIC_OBJECTS, TEXTURES, FIXTURE_PHYSICS, 
2025-04-07T03:32:44.230Z Load Screen - SHARED_CHARACTER_OBJECT Complete
2025-04-07T03:32:44.230Z Load Screen - Waiting On: FIXTURE_ASSETS, DYNAMIC_OBJECTS, TEXTURES, FIXTURE_PHYSICS, 
2025-04-07T03:32:44.277Z Load Screen - FIXTURE_ASSETS Complete
2025-04-07T03:32:44.277Z Load Screen - Waiting On: DYNAMIC_OBJECTS, TEXTURES, FIXTURE_PHYSICS, 
2025-04-07T03:32:44.347Z Load Screen - FIXTURE_PHYSICS Complete
2025-04-07T03:32:44.347Z Load Screen - Waiting On: DYNAMIC_OBJECTS, TEXTURES, 
2025-04-07T03:32:45.005Z Load Screen - Show/Hide - Animation Complete
2025-04-07T03:32:45.204Z Load Screen - DYNAMIC_OBJECTS Complete
2025-04-07T03:32:45.204Z Load Screen - Waiting On: TEXTURES, 
2025-04-07T03:32:45.219Z Load Screen - TEXTURES Complete
2025-04-07T03:32:45.219Z Load Screen - Systems Loaded And Not Waiting For Teleport
2025-04-07T03:32:45.219Z Load Screen - Hide
2025-04-07T03:32:45.219Z Load Screen - Hide - Wasn't Already Hiding
2025-04-07T03:32:46.062Z Load Screen - Show/Hide - Animation Complete
2025-04-07T03:32:46.062Z Load Screen - Hide - Animation Complete
2025-04-07T03:39:16.455Z Load Screen - OnPrepareForJump - Stormhaven
2025-04-07T03:39:16.455Z Load Screen - Show
2025-04-07T03:39:17.339Z Load Screen - Show/Hide - Animation Complete
2025-04-07T03:39:17.406Z Load Screen - OnAreaLoadStarted - (201) Stormhaven
2025-04-07T03:39:17.414Z Load Screen - GAME_DATA Complete
2025-04-07T03:39:17.414Z Load Screen - Waiting On: PLAYER, CHARACTER_GEOMETRY, TERRAIN_GEOMETRY, FIXTURE_ASSETS, DYNAMIC_OBJECTS, TEXTURES, CHARACTER_ACTIVATED, RESUME_FROM_SUSPEND, FIXTURE_PHYSICS, 
2025-04-07T03:39:17.415Z Load Screen - RENDERER Complete
2025-04-07T03:39:17.415Z Load Screen - Waiting On: PLAYER, CHARACTER_GEOMETRY, TERRAIN_GEOMETRY, FIXTURE_ASSETS, DYNAMIC_OBJECTS, TEXTURES, CHARACTER_ACTIVATED, RESUME_FROM_SUSPEND, FIXTURE_PHYSICS, 
2025-04-07T03:39:17.415Z Load Screen - USER_INTERFACE Complete
2025-04-07T03:39:17.415Z Load Screen - Waiting On: PLAYER, CHARACTER_GEOMETRY, TERRAIN_GEOMETRY, FIXTURE_ASSETS, DYNAMIC_OBJECTS, TEXTURES, CHARACTER_ACTIVATED, RESUME_FROM_SUSPEND, FIXTURE_PHYSICS, 
2025-04-07T03:39:17.415Z Load Screen - KEEPS Complete
2025-04-07T03:39:17.415Z Load Screen - Waiting On: PLAYER, CHARACTER_GEOMETRY, TERRAIN_GEOMETRY, FIXTURE_ASSETS, DYNAMIC_OBJECTS, TEXTURES, CHARACTER_ACTIVATED, RESUME_FROM_SUSPEND, FIXTURE_PHYSICS, 
2025-04-07T03:39:17.415Z Load Screen - SHARED_CHARACTER_OBJECT Complete
2025-04-07T03:39:17.415Z Load Screen - Waiting On: PLAYER, CHARACTER_GEOMETRY, TERRAIN_GEOMETRY, FIXTURE_ASSETS, DYNAMIC_OBJECTS, TEXTURES, CHARACTER_ACTIVATED, RESUME_FROM_SUSPEND, FIXTURE_PHYSICS, 
2025-04-07T03:39:17.581Z Load Screen - PLAYER Complete
2025-04-07T03:39:17.581Z Load Screen - Waiting On: CHARACTER_GEOMETRY, TERRAIN_GEOMETRY, FIXTURE_ASSETS, DYNAMIC_OBJECTS, TEXTURES, CHARACTER_ACTIVATED, FIXTURE_PHYSICS, 
2025-04-07T03:39:17.581Z Load Screen - RESUME_FROM_SUSPEND Complete
2025-04-07T03:39:17.581Z Load Screen - Waiting On: CHARACTER_GEOMETRY, TERRAIN_GEOMETRY, FIXTURE_ASSETS, DYNAMIC_OBJECTS, TEXTURES, CHARACTER_ACTIVATED, FIXTURE_PHYSICS, 
2025-04-07T03:39:17.731Z Load Screen - TERRAIN_GEOMETRY Complete
2025-04-07T03:39:17.731Z Load Screen - Waiting On: CHARACTER_GEOMETRY, FIXTURE_ASSETS, DYNAMIC_OBJECTS, TEXTURES, CHARACTER_ACTIVATED, FIXTURE_PHYSICS, 
2025-04-07T03:39:17.979Z Load Screen - CHARACTER_GEOMETRY Complete
2025-04-07T03:39:17.979Z Load Screen - Waiting On: FIXTURE_ASSETS, DYNAMIC_OBJECTS, TEXTURES, CHARACTER_ACTIVATED, FIXTURE_PHYSICS, 
2025-04-07T03:39:21.864Z Load Screen - DYNAMIC_OBJECTS Complete
2025-04-07T03:39:21.864Z Load Screen - Waiting On: FIXTURE_ASSETS, TEXTURES, CHARACTER_ACTIVATED, FIXTURE_PHYSICS, 
2025-04-07T03:39:21.873Z Load Screen - FIXTURE_ASSETS Complete
2025-04-07T03:39:21.873Z Load Screen - Waiting On: TEXTURES, CHARACTER_ACTIVATED, FIXTURE_PHYSICS, 
2025-04-07T03:39:21.882Z Load Screen - TEXTURES Complete
2025-04-07T03:39:21.882Z Load Screen - Waiting On: CHARACTER_ACTIVATED, FIXTURE_PHYSICS, 
2025-04-07T03:39:22.331Z Load Screen - FIXTURE_PHYSICS Complete
2025-04-07T03:39:22.331Z Load Screen - Waiting On: CHARACTER_ACTIVATED, 
2025-04-07T03:39:22.531Z Load Screen - CHARACTER_ACTIVATED Complete
2025-04-07T03:39:22.531Z Load Screen - Systems Loaded And Not Waiting For Teleport
2025-04-07T03:39:22.531Z Load Screen - Hide
2025-04-07T03:39:22.531Z Load Screen - Hide - Wasn't Already Hiding
2025-04-07T03:39:23.354Z Load Screen - Show/Hide - Animation Complete
2025-04-07T03:39:23.354Z Load Screen - Hide - Animation Complete
2025-04-07T03:40:30.635Z Load Screen - OnPrepareForJump - Auridon
2025-04-07T03:40:30.635Z Load Screen - Show
2025-04-07T03:40:31.493Z Load Screen - Show/Hide - Animation Complete
2025-04-07T03:40:32.692Z Load Screen - OnAreaLoadStarted - (233) Auridon
2025-04-07T03:40:32.703Z Load Screen - GAME_DATA Complete
2025-04-07T03:40:32.703Z Load Screen - Waiting On: PLAYER, CHARACTER_GEOMETRY, TERRAIN_GEOMETRY, FIXTURE_ASSETS, DYNAMIC_OBJECTS, TEXTURES, CHARACTER_ACTIVATED, RESUME_FROM_SUSPEND, FIXTURE_PHYSICS, 
2025-04-07T03:40:32.703Z Load Screen - RENDERER Complete
2025-04-07T03:40:32.703Z Load Screen - Waiting On: PLAYER, CHARACTER_GEOMETRY, TERRAIN_GEOMETRY, FIXTURE_ASSETS, DYNAMIC_OBJECTS, TEXTURES, CHARACTER_ACTIVATED, RESUME_FROM_SUSPEND, FIXTURE_PHYSICS, 
2025-04-07T03:40:32.703Z Load Screen - USER_INTERFACE Complete
2025-04-07T03:40:32.703Z Load Screen - Waiting On: PLAYER, CHARACTER_GEOMETRY, TERRAIN_GEOMETRY, FIXTURE_ASSETS, DYNAMIC_OBJECTS, TEXTURES, CHARACTER_ACTIVATED, RESUME_FROM_SUSPEND, FIXTURE_PHYSICS, 
2025-04-07T03:40:32.703Z Load Screen - KEEPS Complete
2025-04-07T03:40:32.703Z Load Screen - Waiting On: PLAYER, CHARACTER_GEOMETRY, TERRAIN_GEOMETRY, FIXTURE_ASSETS, DYNAMIC_OBJECTS, TEXTURES, CHARACTER_ACTIVATED, RESUME_FROM_SUSPEND, FIXTURE_PHYSICS, 
2025-04-07T03:40:32.703Z Load Screen - SHARED_CHARACTER_OBJECT Complete
2025-04-07T03:40:32.703Z Load Screen - Waiting On: PLAYER, CHARACTER_GEOMETRY, TERRAIN_GEOMETRY, FIXTURE_ASSETS, DYNAMIC_OBJECTS, TEXTURES, CHARACTER_ACTIVATED, RESUME_FROM_SUSPEND, FIXTURE_PHYSICS, 
2025-04-07T03:40:32.871Z Load Screen - PLAYER Complete
2025-04-07T03:40:32.871Z Load Screen - Waiting On: CHARACTER_GEOMETRY, TERRAIN_GEOMETRY, FIXTURE_ASSETS, DYNAMIC_OBJECTS, TEXTURES, CHARACTER_ACTIVATED, FIXTURE_PHYSICS, 
2025-04-07T03:40:32.871Z Load Screen - RESUME_FROM_SUSPEND Complete
2025-04-07T03:40:32.871Z Load Screen - Waiting On: CHARACTER_GEOMETRY, TERRAIN_GEOMETRY, FIXTURE_ASSETS, DYNAMIC_OBJECTS, TEXTURES, CHARACTER_ACTIVATED, FIXTURE_PHYSICS, 
2025-04-07T03:40:33.047Z Load Screen - TERRAIN_GEOMETRY Complete
2025-04-07T03:40:33.047Z Load Screen - Waiting On: CHARACTER_GEOMETRY, FIXTURE_ASSETS, DYNAMIC_OBJECTS, TEXTURES, CHARACTER_ACTIVATED, FIXTURE_PHYSICS, 
2025-04-07T03:40:33.515Z Load Screen - CHARACTER_GEOMETRY Complete
2025-04-07T03:40:33.515Z Load Screen - Waiting On: FIXTURE_ASSETS, TEXTURES, CHARACTER_ACTIVATED, FIXTURE_PHYSICS, 
2025-04-07T03:40:33.515Z Load Screen - DYNAMIC_OBJECTS Complete
2025-04-07T03:40:33.515Z Load Screen - Waiting On: FIXTURE_ASSETS, TEXTURES, CHARACTER_ACTIVATED, FIXTURE_PHYSICS, 
2025-04-07T03:40:34.090Z Load Screen - FIXTURE_PHYSICS Complete
2025-04-07T03:40:34.090Z Load Screen - Waiting On: FIXTURE_ASSETS, DYNAMIC_OBJECTS, TEXTURES, CHARACTER_ACTIVATED, 
2025-04-07T03:40:34.115Z Load Screen - FIXTURE_ASSETS Complete
2025-04-07T03:40:34.115Z Load Screen - Waiting On: DYNAMIC_OBJECTS, TEXTURES, CHARACTER_ACTIVATED, 
2025-04-07T03:40:34.124Z Load Screen - DYNAMIC_OBJECTS Complete
2025-04-07T03:40:34.124Z Load Screen - Waiting On: TEXTURES, CHARACTER_ACTIVATED, 
2025-04-07T03:40:34.134Z Load Screen - TEXTURES Complete
2025-04-07T03:40:34.134Z Load Screen - Waiting On: CHARACTER_ACTIVATED, 
2025-04-07T03:40:34.272Z Load Screen - CHARACTER_ACTIVATED Complete
2025-04-07T03:40:34.272Z Load Screen - Systems Loaded And Not Waiting For Teleport
2025-04-07T03:40:34.272Z Load Screen - Hide
2025-04-07T03:40:34.272Z Load Screen - Hide - Wasn't Already Hiding
2025-04-07T03:40:35.115Z Load Screen - Show/Hide - Animation Complete
2025-04-07T03:40:35.115Z Load Screen - Hide - Animation Complete
2025-04-07T03:40:45.037Z Load Screen - CHARACTER_ACTIVATED Complete
2025-04-07T03:40:45.037Z Load Screen - Waiting On: CHARACTER_GEOMETRY, TERRAIN_GEOMETRY, KEEPS, FIXTURE_ASSETS, DYNAMIC_OBJECTS, USER_INTERFACE, RENDERER, GAME_DATA, TEXTURES, SHARED_CHARACTER_OBJECT, FIXTURE_PHYSICS, 
2025-04-07T03:40:45.037Z Load Screen - PLAYER Complete
2025-04-07T03:40:45.037Z Load Screen - Waiting On: CHARACTER_GEOMETRY, TERRAIN_GEOMETRY, KEEPS, FIXTURE_ASSETS, DYNAMIC_OBJECTS, USER_INTERFACE, RENDERER, GAME_DATA, TEXTURES, SHARED_CHARACTER_OBJECT, FIXTURE_PHYSICS, 
2025-04-07T03:40:45.037Z Load Screen - RESUME_FROM_SUSPEND Complete
2025-04-07T03:40:45.037Z Load Screen - Waiting On: CHARACTER_GEOMETRY, TERRAIN_GEOMETRY, KEEPS, FIXTURE_ASSETS, DYNAMIC_OBJECTS, USER_INTERFACE, RENDERER, GAME_DATA, TEXTURES, SHARED_CHARACTER_OBJECT, FIXTURE_PHYSICS, 
2025-04-07T03:40:45.037Z Load Screen - OnAreaLoadStarted - (233) Auridon
2025-04-07T03:40:45.037Z Load Screen - Show
2025-04-07T03:40:45.046Z Load Screen - PLAYER Complete
2025-04-07T03:40:45.046Z Load Screen - Waiting On: CHARACTER_GEOMETRY, TERRAIN_GEOMETRY, FIXTURE_ASSETS, DYNAMIC_OBJECTS, TEXTURES, FIXTURE_PHYSICS, 
2025-04-07T03:40:45.046Z Load Screen - CHARACTER_ACTIVATED Complete
2025-04-07T03:40:45.046Z Load Screen - Waiting On: CHARACTER_GEOMETRY, TERRAIN_GEOMETRY, FIXTURE_ASSETS, DYNAMIC_OBJECTS, TEXTURES, FIXTURE_PHYSICS, 
2025-04-07T03:40:45.046Z Load Screen - RESUME_FROM_SUSPEND Complete
2025-04-07T03:40:45.046Z Load Screen - Waiting On: CHARACTER_GEOMETRY, TERRAIN_GEOMETRY, FIXTURE_ASSETS, DYNAMIC_OBJECTS, TEXTURES, FIXTURE_PHYSICS, 
2025-04-07T03:40:45.046Z Load Screen - GAME_DATA Complete
2025-04-07T03:40:45.046Z Load Screen - Waiting On: CHARACTER_GEOMETRY, TERRAIN_GEOMETRY, FIXTURE_ASSETS, DYNAMIC_OBJECTS, TEXTURES, FIXTURE_PHYSICS, 
2025-04-07T03:40:45.046Z Load Screen - RENDERER Complete
2025-04-07T03:40:45.046Z Load Screen - Waiting On: CHARACTER_GEOMETRY, TERRAIN_GEOMETRY, FIXTURE_ASSETS, DYNAMIC_OBJECTS, TEXTURES, FIXTURE_PHYSICS, 
2025-04-07T03:40:45.046Z Load Screen - USER_INTERFACE Complete
2025-04-07T03:40:45.046Z Load Screen - Waiting On: CHARACTER_GEOMETRY, TERRAIN_GEOMETRY, FIXTURE_ASSETS, DYNAMIC_OBJECTS, TEXTURES, FIXTURE_PHYSICS, 
2025-04-07T03:40:45.046Z Load Screen - KEEPS Complete
2025-04-07T03:40:45.046Z Load Screen - Waiting On: CHARACTER_GEOMETRY, TERRAIN_GEOMETRY, FIXTURE_ASSETS, DYNAMIC_OBJECTS, TEXTURES, FIXTURE_PHYSICS, 
2025-04-07T03:40:45.046Z Load Screen - SHARED_CHARACTER_OBJECT Complete
2025-04-07T03:40:45.046Z Load Screen - Waiting On: CHARACTER_GEOMETRY, TERRAIN_GEOMETRY, FIXTURE_ASSETS, DYNAMIC_OBJECTS, TEXTURES, FIXTURE_PHYSICS, 
2025-04-07T03:40:45.631Z Load Screen - Show/Hide - Animation Complete
2025-04-07T03:40:46.132Z Load Screen - CHARACTER_GEOMETRY Complete
2025-04-07T03:40:46.132Z Load Screen - Waiting On: FIXTURE_ASSETS, DYNAMIC_OBJECTS, TEXTURES, FIXTURE_PHYSICS, 
2025-04-07T03:40:46.132Z Load Screen - TERRAIN_GEOMETRY Complete
2025-04-07T03:40:46.132Z Load Screen - Waiting On: FIXTURE_ASSETS, DYNAMIC_OBJECTS, TEXTURES, FIXTURE_PHYSICS, 
2025-04-07T03:40:46.138Z Load Screen - FIXTURE_ASSETS Complete
2025-04-07T03:40:46.138Z Load Screen - Waiting On: DYNAMIC_OBJECTS, TEXTURES, 
2025-04-07T03:40:46.138Z Load Screen - FIXTURE_PHYSICS Complete
2025-04-07T03:40:46.138Z Load Screen - Waiting On: DYNAMIC_OBJECTS, TEXTURES, 
2025-04-07T03:40:46.232Z Load Screen - DYNAMIC_OBJECTS Complete
2025-04-07T03:40:46.232Z Load Screen - Waiting On: TEXTURES, 
2025-04-07T03:40:46.248Z Load Screen - TEXTURES Complete
2025-04-07T03:40:46.248Z Load Screen - Systems Loaded And Not Waiting For Teleport
2025-04-07T03:40:46.248Z Load Screen - Hide
2025-04-07T03:40:46.248Z Load Screen - Hide - Wasn't Already Hiding
2025-04-07T03:40:47.100Z Load Screen - Show/Hide - Animation Complete
2025-04-07T03:40:47.101Z Load Screen - Hide - Animation Complete
